≡ƒº¬ Starting Webhook Verification Tests...

Γû╢∩╕Å Running: Case 1: GBPUSD to /webhook/vip-2 (No Executor, VIP-2 Channels)
Γ£à Response: { status: 'received', processed: true }
-------------------

Γû╢∩╕Å Running: Case 2: GBPUSD to /webhook/tradingview (Should hit Executor with GBPUSD)
Γ£à Response: { status: 'received', processed: true }
-------------------

Γû╢∩╕Å Running: Case 3: Custom Strategy in Body to Legacy Route
Γ£à Response: { status: 'received', processed: true }
-------------------

Γû╢∩╕Å Running: Case 4: Empty Body (Should log warning and default to EURUSD)
Γ£à Response: { status: 'received', processed: true }
-------------------

